Invalid expresstion: [line 1] Error at ;: Expected primary (number,  string, bool, nil)  or left paren